// Vitest Snapshot v1, https://vitest.dev/guide/snapshot.html

exports[`baseline freeze (active-stress default) > matches the frozen baseline summary 1`] = `
{
  "AoP_dia": 75.6,
  "AoP_mean": 82.8,
  "AoP_sys": 117.9,
  "AoV_grad_mean": 15.72,
  "AoV_grad_peak": 23.75,
  "CO_L": 5.73,
  "CO_R": 5.73,
  "EF_L": 0.66,
  "EF_R": 0.54,
  "HR": 75,
  "LAP_mean": 7.5,
  "LVEDP": 9.2,
  "PAP_mean": 15.3,
  "RAP_mean": 3.5,
  "SV_L": 76.3,
  "SV_R": 76.4,
}
`;
