// Vitest Snapshot v1, https://vitest.dev/guide/snapshot.html

exports[`clinical knob layer > current resolver output is frozen (editing the mapping must bump the version) 1`] = `
{
  "AoV_Amax": 2.1875,
  "AoV_R": 0.003,
  "HR": 75,
  "PEEP": 0,
  "arterialStiffness": 0.75,
  "lvTmaxScale": 0.9799999999999999,
  "nodeOverrides": {
    "LV": {
      "active": {
        "bPas": 41.76,
      },
    },
    "RV": {
      "active": {
        "bPas": 18,
      },
    },
  },
  "pulmonaryResistance": 0.65,
  "relaxation": 1,
  "rvTmaxScale": 1,
  "systemicResistance": 1.04,
  "venousTone": 0.15,
}
`;
