// Vitest Snapshot v1, https://vitest.dev/guide/snapshot.html

exports[`morphology case corpus V1 > pins each scenario's instances exactly, values included 1`] = `
[
  [
    "normal-sinus",
    2,
    "circleheart@0.0.0",
    "knobmap-0.3-activestress",
    {
      "dt": 0.001,
      "recordSeconds": 3,
      "sampleHz": 120,
      "settleSeconds": 8,
    },
    [
      {
        "baseline": "active-normal",
        "color": "#a855f7",
        "id": "1",
        "interventions": [],
        "isVisible": true,
        "knobs": {},
        "name": "Normal",
        "rawPatch": {},
        "targetVolume": 5600,
      },
    ],
  ],
  [
    "acute-anterior-mi",
    2,
    "circleheart@0.0.0",
    "knobmap-0.3-activestress",
    {
      "dt": 0.001,
      "recordSeconds": 3,
      "sampleHz": 120,
      "settleSeconds": 8,
    },
    [
      {
        "baseline": "active-normal",
        "color": "#a855f7",
        "id": "1",
        "interventions": [],
        "isVisible": true,
        "knobs": {},
        "name": "Normal",
        "rawPatch": {},
        "targetVolume": 5600,
      },
      {
        "baseline": "active-normal",
        "color": "#f472b6",
        "id": "2",
        "interventions": [],
        "isVisible": true,
        "knobs": {
          "contractility": 0.45,
        },
        "name": "Acute Anterior MI",
        "rawPatch": {},
        "targetVolume": 5600,
      },
    ],
  ],
  [
    "systolic-heart-failure",
    2,
    "circleheart@0.0.0",
    "knobmap-0.3-activestress",
    {
      "dt": 0.001,
      "recordSeconds": 3,
      "sampleHz": 120,
      "settleSeconds": 8,
    },
    [
      {
        "baseline": "active-normal",
        "color": "#a855f7",
        "id": "1",
        "interventions": [],
        "isVisible": true,
        "knobs": {},
        "name": "Normal",
        "rawPatch": {},
        "targetVolume": 5600,
      },
      {
        "baseline": "active-normal",
        "color": "#f472b6",
        "id": "2",
        "interventions": [],
        "isVisible": true,
        "knobs": {
          "HR": 95,
          "afterload": 1.25,
          "contractility": 0.45,
        },
        "name": "HFrEF",
        "rawPatch": {},
        "targetVolume": 5600,
      },
    ],
  ],
  [
    "lv-failure-dobutamine",
    2,
    "circleheart@0.0.0",
    "knobmap-0.3-activestress",
    {
      "dt": 0.001,
      "recordSeconds": 3,
      "sampleHz": 120,
      "settleSeconds": 8,
    },
    [
      {
        "baseline": "active-normal",
        "color": "#a855f7",
        "id": "1",
        "interventions": [
          {
            "args": {
              "severity": 0.8,
            },
            "id": "lvPumpFailure",
            "uid": "f1",
          },
        ],
        "isVisible": true,
        "knobs": {},
        "name": "LV failure",
        "rawPatch": {},
        "targetVolume": 5600,
      },
      {
        "baseline": "active-normal",
        "color": "#f472b6",
        "id": "2",
        "interventions": [
          {
            "args": {
              "severity": 0.8,
            },
            "id": "lvPumpFailure",
            "uid": "f2",
          },
          {
            "args": {
              "dose": 7,
            },
            "id": "dobutamine",
            "uid": "d",
          },
        ],
        "isVisible": true,
        "knobs": {},
        "name": "+ Dobutamine",
        "rawPatch": {},
        "targetVolume": 5600,
      },
    ],
  ],
]
`;
